map "http://termx.health/fhir/StructureMap/CdaPqObservationToFhirQuantityComponentsObservation" = "CdaPqObservationToFhirQuantityComponentsObservation"

uses "http://hl7.org/cda/stds/core/StructureDefinition/Observation" alias ObservationCda as source
uses "http://hl7.org/fhir/StructureDefinition/Observation" alias Observation as target

imports "http://termx.health/fhir/StructureMap/CdaCdToFhirCodeableConcept"
imports "http://termx.health/fhir/StructureMap/CdaIvlTsToFhirDateTime"
imports "http://termx.health/fhir/StructureMap/CdaPqToFhirQuantity"

group CdaPqObservationToFhirQuantityComponentsObservation(source ObservationCda : ObservationCda, target Observation : Observation) {
  ObservationCda ->
   Observation then {
    ObservationCda.code as a ->
   Observation.code = create('CodeableConcept') as b then {
      a then CdaCdToFhirCodeableConcept(a, b) "rule_group_40";
    } "rule_39";
  } "rule_38";
  ObservationCda ->
   Observation then {
    ObservationCda.effectiveTime as a ->
   Observation.effective = create('dateTime') as b then {
      a then CdaIvlTsToFhirDateTime(a, b) "rule_group_43";
    } "rule_42";
  } "rule_41";
  ObservationCda ->
   Observation then {
    ObservationCda.value as a ->
   Observation.component as b then {
      a ->
   b.value = create('Quantity') as c then {
        a then CdaPqToFhirQuantity(a, c) "rule_group_47";
      } "rule_46";
    } "rule_45";
  } "rule_44";
}

