map "http://termx.health/fhir/StructureMap/CdaOutpatientSummaryToFhirBundle" = "CdaOutpatientSummaryToFhirBundle"

uses "http://hl7.org/cda/stds/core/StructureDefinition/ClinicalDocument" alias ClinicalDocument as source
uses "http://hl7.org/fhir/StructureDefinition/Bundle" alias Bundle as target

imports "http://termx.health/fhir/StructureMap/CdaClinicalDocumentHeaderToFhirBundle"
imports "http://termx.health/fhir/StructureMap/CdaAnaSectionToFhirBundle"

group CdaOutpatientSummaryToFhirBundle(source ClinicalDocument : ClinicalDocument, target Bundle : Bundle) {
  ClinicalDocument -> Bundle then {
    ClinicalDocument then ClinicalDocumentHeaderToBundle(ClinicalDocument, Bundle) "rule_group_690";
  } "rule_689";
  ClinicalDocument -> Bundle then {
    ClinicalDocument.component as a -> Bundle then {
      a.structuredBody as b -> Bundle then {
        b.component first as c where section.code.code='ANA' -> Bundle then {
          c.section as d -> Bundle then {
            d then CdaAnaSectionToFhirBundle(d, Bundle) "rule_group_696";
          } "rule_695";
        } "rule_694";
      } "rule_693";
    } "rule_692";
  } "rule_691";
}
